// Vitest Snapshot v1, https://vitest.dev/guide/snapshot.html

exports[`Molecule renders molfile with default id 1`] = `
<svg
  dangerouslySetInnerHTML={
    {
      "__html": "
  <style> text {font-family: sans-serif;} #mol1 { pointer-events:none; } #mol1 .event  { pointer-events:all; } line { stroke-linecap:round; } polygon { stroke-linejoin:round; } </style>
  <text x="595.18" y="447.48" stroke="none" font-size="14" fill="rgb(48,80,248)">N</text>
  <text x="553.04" y="383.04" stroke="none" font-size="14" fill="rgb(255,13,13)">O</text>
  <text x="532.49" y="418.63" stroke="none" font-size="14" fill="rgb(255,13,13)">O</text>
  <text x="594.97" y="384.61" stroke="none" font-size="14" fill="rgb(255,13,13)">O</text>
  <text x="615.52" y="349.02" stroke="none" font-size="14" fill="rgb(255,13,13)">O</text>
  <text x="545.78" y="447.9" stroke="none" font-size="14" fill="rgb(0,0,0)">H</text>
  <text x="644.94" y="447.9" stroke="none" font-size="14" fill="rgb(0,0,0)">H</text>
  <line x1="560.29" y1="403.14" x2="560.29" y2="385.37" stroke="rgb(0,0,0)" stroke-width="1.44" />
  <line x1="556.69" y1="403.14" x2="556.69" y2="385.37" stroke="rgb(0,0,0)" stroke-width="1.44" />
  <line x1="622.76" y1="369.12" x2="622.76" y2="351.35" stroke="rgb(0,0,0)" stroke-width="1.44" />
  <line x1="619.16" y1="369.12" x2="619.16" y2="351.35" stroke="rgb(0,0,0)" stroke-width="1.44" />
  <line x1="662.06" y1="368.08" x2="641.51" y2="379.94" stroke="rgb(0,0,0)" stroke-width="1.44" />
  <line x1="661.65" y1="372.48" x2="645.53" y2="381.78" stroke="rgb(0,0,0)" stroke-width="1.44" />
  <line x1="641.51" y1="403.67" x2="662.06" y2="415.53" stroke="rgb(0,0,0)" stroke-width="1.44" />
  <line x1="645.53" y1="401.83" x2="661.65" y2="411.14" stroke="rgb(0,0,0)" stroke-width="1.44" />
  <line x1="682.61" y1="403.67" x2="682.61" y2="379.94" stroke="rgb(0,0,0)" stroke-width="1.44" />
  <line x1="679.01" y1="401.11" x2="679.01" y2="382.5" stroke="rgb(0,0,0)" stroke-width="1.44" />
  <line x1="600.42" y1="403.67" x2="579.04" y2="413.97" stroke="rgb(0,0,0)" stroke-width="1.44" />
  <line x1="621.79" y1="413.97" x2="600.42" y2="403.67" stroke="rgb(0,0,0)" stroke-width="1.44" />
  <line x1="579.04" y1="413.97" x2="573.76" y2="437.1" stroke="rgb(0,0,0)" stroke-width="1.44" />
  <line x1="573.76" y1="437.1" x2="588.55" y2="455.65" stroke="rgb(0,0,0)" stroke-width="1.44" />
  <line x1="588.55" y1="455.65" x2="612.28" y2="455.65" stroke="rgb(0,0,0)" stroke-width="1.44" />
  <line x1="612.28" y1="455.65" x2="627.07" y2="437.1" stroke="rgb(0,0,0)" stroke-width="1.44" />
  <line x1="627.07" y1="437.1" x2="621.79" y2="413.97" stroke="rgb(0,0,0)" stroke-width="1.44" />
  <polygon points="574,437 584,440 584,438 " fill="rgb(0,0,0)" stroke="rgb(0,0,0)" stroke-width="1.44" />
  <polygon points="584,438 584,440 594,444 595,439 " fill="rgb(0,0,0)" stroke="rgb(0,0,0)" stroke-width="1.44" />
  <polygon points="627,437 616,438 617,440 " fill="rgb(0,0,0)" stroke="rgb(0,0,0)" stroke-width="1.44" />
  <polygon points="617,440 616,438 606,439 607,444 " fill="rgb(0,0,0)" stroke="rgb(0,0,0)" stroke-width="1.44" />
  <line x1="600.24" y1="435.81" x2="600.24" y2="419.09" stroke="rgb(0,0,0)" stroke-width="1.44" />
  <polygon points="600,404 601,395 599,395 " fill="rgb(0,0,0)" stroke="rgb(0,0,0)" stroke-width="1.44" />
  <polygon points="599,395 601,395 602,387 599,387 " fill="rgb(0,0,0)" stroke="rgb(0,0,0)" stroke-width="1.44" />
  <polygon points="579,414 569,407 568,409 " fill="rgb(0,0,0)" stroke="rgb(0,0,0)" stroke-width="1.44" />
  <polygon points="568,409 569,407 560,400 557,404 " fill="rgb(0,0,0)" stroke="rgb(0,0,0)" stroke-width="1.44" />
  <line x1="558.49" y1="402.1" x2="544.38" y2="410.25" stroke="rgb(0,0,0)" stroke-width="1.44" />
  <line x1="531.49" y1="410.25" x2="517.39" y2="402.1" stroke="rgb(0,0,0)" stroke-width="1.44" />
  <line x1="606.86" y1="376.22" x2="620.96" y2="368.08" stroke="rgb(0,0,0)" stroke-width="1.44" />
  <line x1="620.96" y1="368.08" x2="641.51" y2="379.94" stroke="rgb(0,0,0)" stroke-width="1.44" />
  <line x1="641.51" y1="379.94" x2="641.51" y2="403.67" stroke="rgb(0,0,0)" stroke-width="1.44" />
  <line x1="662.06" y1="415.53" x2="682.61" y2="403.67" stroke="rgb(0,0,0)" stroke-width="1.44" />
  <line x1="682.61" y1="379.94" x2="662.06" y2="368.08" stroke="rgb(0,0,0)" stroke-width="1.44" />
  <polygon points="574,437 565,438 566,440 " fill="rgb(0,0,0)" stroke="rgb(0,0,0)" stroke-width="1.44" />
  <polygon points="566,440 565,438 556,440 557,443 " fill="rgb(0,0,0)" stroke="rgb(0,0,0)" stroke-width="1.44" />
  <polygon points="627,437 635,440 636,438 " fill="rgb(0,0,0)" stroke="rgb(0,0,0)" stroke-width="1.44" />
  <polygon points="636,438 635,440 643,443 644,440 " fill="rgb(0,0,0)" stroke="rgb(0,0,0)" stroke-width="1.44" />
  <line id="mol1:Bond:12" class="event" x1="558.49" y1="402.1" x2="558.49" y2="378.37" stroke-width="8" opacity="0" />
  <line id="mol1:Bond:16" class="event" x1="620.96" y1="368.08" x2="620.96" y2="344.35" stroke-width="8" opacity="0" />
  <line id="mol1:Bond:18" class="event" x1="662.06" y1="368.08" x2="641.51" y2="379.94" stroke-width="8" opacity="0" />
  <line id="mol1:Bond:21" class="event" x1="641.51" y1="403.67" x2="662.06" y2="415.53" stroke-width="8" opacity="0" />
  <line id="mol1:Bond:22" class="event" x1="682.61" y1="403.67" x2="682.61" y2="379.94" stroke-width="8" opacity="0" />
  <line id="mol1:Bond:0" class="event" x1="600.42" y1="403.67" x2="579.04" y2="413.97" stroke-width="8" opacity="0" />
  <line id="mol1:Bond:1" class="event" x1="621.79" y1="413.97" x2="600.42" y2="403.67" stroke-width="8" opacity="0" />
  <line id="mol1:Bond:2" class="event" x1="579.04" y1="413.97" x2="573.76" y2="437.1" stroke-width="8" opacity="0" />
  <line id="mol1:Bond:3" class="event" x1="573.76" y1="437.1" x2="588.55" y2="455.65" stroke-width="8" opacity="0" />
  <line id="mol1:Bond:4" class="event" x1="588.55" y1="455.65" x2="612.28" y2="455.65" stroke-width="8" opacity="0" />
  <line id="mol1:Bond:5" class="event" x1="612.28" y1="455.65" x2="627.07" y2="437.1" stroke-width="8" opacity="0" />
  <line id="mol1:Bond:6" class="event" x1="627.07" y1="437.1" x2="621.79" y2="413.97" stroke-width="8" opacity="0" />
  <line id="mol1:Bond:7" class="event" x1="573.76" y1="437.1" x2="600.24" y2="442.81" stroke-width="8" opacity="0" />
  <line id="mol1:Bond:8" class="event" x1="627.07" y1="437.1" x2="600.24" y2="442.81" stroke-width="8" opacity="0" />
  <line id="mol1:Bond:9" class="event" x1="600.24" y1="442.81" x2="600.24" y2="419.09" stroke-width="8" opacity="0" />
  <line id="mol1:Bond:10" class="event" x1="600.42" y1="403.67" x2="600.42" y2="379.94" stroke-width="8" opacity="0" />
  <line id="mol1:Bond:11" class="event" x1="579.04" y1="413.97" x2="558.49" y2="402.1" stroke-width="8" opacity="0" />
  <line id="mol1:Bond:13" class="event" x1="558.49" y1="402.1" x2="537.94" y2="413.97" stroke-width="8" opacity="0" />
  <line id="mol1:Bond:14" class="event" x1="537.94" y1="413.97" x2="517.39" y2="402.1" stroke-width="8" opacity="0" />
  <line id="mol1:Bond:15" class="event" x1="600.42" y1="379.94" x2="620.96" y2="368.08" stroke-width="8" opacity="0" />
  <line id="mol1:Bond:17" class="event" x1="620.96" y1="368.08" x2="641.51" y2="379.94" stroke-width="8" opacity="0" />
  <line id="mol1:Bond:19" class="event" x1="641.51" y1="379.94" x2="641.51" y2="403.67" stroke-width="8" opacity="0" />
  <line id="mol1:Bond:20" class="event" x1="662.06" y1="415.53" x2="682.61" y2="403.67" stroke-width="8" opacity="0" />
  <line id="mol1:Bond:23" class="event" x1="682.61" y1="379.94" x2="662.06" y2="368.08" stroke-width="8" opacity="0" />
  <line id="mol1:Bond:24" class="event" x1="573.76" y1="437.1" x2="550.84" y2="443.24" stroke-width="8" opacity="0" />
  <line id="mol1:Bond:25" class="event" x1="627.07" y1="437.1" x2="649.99" y2="443.24" stroke-width="8" opacity="0" />
  <circle id="mol1:Atom:0" class="event" cx="588.55" cy="455.65" r="8" opacity="0" />
  <circle id="mol1:Atom:1" class="event" cx="612.28" cy="455.65" r="8" opacity="0" />
  <circle id="mol1:Atom:2" class="event" cx="621.79" cy="413.97" r="8" opacity="0" />
  <circle id="mol1:Atom:3" class="event" cx="600.24" cy="442.81" r="8" opacity="0" />
  <circle id="mol1:Atom:4" class="event" cx="600.24" cy="419.09" r="8" opacity="0" />
  <circle id="mol1:Atom:5" class="event" cx="600.42" cy="403.67" r="8" opacity="0" />
  <circle id="mol1:Atom:6" class="event" cx="579.04" cy="413.97" r="8" opacity="0" />
  <circle id="mol1:Atom:7" class="event" cx="558.49" cy="378.37" r="8" opacity="0" />
  <circle id="mol1:Atom:8" class="event" cx="558.49" cy="402.1" r="8" opacity="0" />
  <circle id="mol1:Atom:9" class="event" cx="537.94" cy="413.97" r="8" opacity="0" />
  <circle id="mol1:Atom:10" class="event" cx="517.39" cy="402.1" r="8" opacity="0" />
  <circle id="mol1:Atom:11" class="event" cx="600.42" cy="379.94" r="8" opacity="0" />
  <circle id="mol1:Atom:12" class="event" cx="620.96" cy="344.35" r="8" opacity="0" />
  <circle id="mol1:Atom:13" class="event" cx="620.96" cy="368.08" r="8" opacity="0" />
  <circle id="mol1:Atom:14" class="event" cx="641.51" cy="379.94" r="8" opacity="0" />
  <circle id="mol1:Atom:15" class="event" cx="662.06" cy="415.53" r="8" opacity="0" />
  <circle id="mol1:Atom:16" class="event" cx="682.61" cy="403.67" r="8" opacity="0" />
  <circle id="mol1:Atom:17" class="event" cx="682.61" cy="379.94" r="8" opacity="0" />
  <circle id="mol1:Atom:18" class="event" cx="662.06" cy="368.08" r="8" opacity="0" />
  <circle id="mol1:Atom:19" class="event" cx="641.51" cy="403.67" r="8" opacity="0" />
  <circle id="mol1:Atom:20" class="event" cx="573.76" cy="437.1" r="8" opacity="0" />
  <circle id="mol1:Atom:21" class="event" cx="627.07" cy="437.1" r="8" opacity="0" />
  <circle id="mol1:Atom:22" class="event" cx="550.84" cy="443.24" r="8" opacity="0" />
  <circle id="mol1:Atom:23" class="event" cx="649.99" cy="443.24" r="8" opacity="0" />
",
    }
  }
  height="800px"
  id="mol1"
  style={
    {
      "userSelect": "none",
    }
  }
  version="1.1"
  viewBox="0 0 1200 800"
  width="1200px"
  xmlns="http://www.w3.org/2000/svg"
/>
`;

exports[`Molecule renders smiles with custom id 1`] = `
<svg
  dangerouslySetInnerHTML={
    {
      "__html": "
  <style> text {font-family: sans-serif;} #mol1 { pointer-events:none; } #mol1 .event  { pointer-events:all; } line { stroke-linecap:round; } polygon { stroke-linejoin:round; } </style>
  <text x="584.16" y="398.67" stroke="none" font-size="14" fill="rgb(255,13,13)">O</text>
  <line x1="631.18" y1="394" x2="610.39" y2="406" stroke="rgb(0,0,0)" stroke-width="1.44" />
  <line x1="610.39" y1="406" x2="596.05" y2="397.72" stroke="rgb(0,0,0)" stroke-width="1.44" />
  <line x1="583.16" y1="397.72" x2="568.82" y2="406" stroke="rgb(0,0,0)" stroke-width="1.44" />
  <line id="mol1:Bond:0" class="event" x1="631.18" y1="394" x2="610.39" y2="406" stroke-width="8" opacity="0" />
  <line id="mol1:Bond:1" class="event" x1="610.39" y1="406" x2="589.61" y2="394" stroke-width="8" opacity="0" />
  <line id="mol1:Bond:2" class="event" x1="589.61" y1="394" x2="568.82" y2="406" stroke-width="8" opacity="0" />
  <circle id="mol1:Atom:0" class="event" cx="631.18" cy="394" r="8" opacity="0" />
  <circle id="mol1:Atom:1" class="event" cx="610.39" cy="406" r="8" opacity="0" />
  <circle id="mol1:Atom:2" class="event" cx="589.61" cy="394" r="8" opacity="0" />
  <circle id="mol1:Atom:3" class="event" cx="568.82" cy="406" r="8" opacity="0" />
",
    }
  }
  height="800px"
  id="mol1"
  style={
    {
      "userSelect": "none",
    }
  }
  version="1.1"
  viewBox="0 0 1200 800"
  width="1200px"
  xmlns="http://www.w3.org/2000/svg"
/>
`;

exports[`Syntax error in SMILES - custom renderer 1`] = `
<div
  style={
    {
      "height": 150,
      "width": 300,
    }
  }
>
  <div>
    <span>
      BAD
    </span>
    <span>
      Class$S13: SmilesParser: unknown element label found. Position:1
    </span>
  </div>
</div>
`;

exports[`Syntax error in SMILES - default renderer 1`] = `
<div
  style={
    {
      "height": 150,
      "width": 300,
    }
  }
>
  <svg
    height={150}
    version="1.1"
    viewBox="0 0 300 150"
    xmlns="http://www.w3.org/2000/svg"
  >
    <text
      fill="rgb(255,0,0)"
      fontSize="15"
      x="0"
      y="2"
    >
      <tspan
        dy={10}
        x="0"
      >
        Invalid SMILES
      </tspan>
    </text>
  </svg>
</div>
`;
